// Jest Snapshot v1, https://goo.gl/fbAQLP

exports[`photostream should render without crashing 1`] = `
<section
  className="album py-5 bg-light"
>
  <div
    className="container"
  >
    <div
      className="row"
    >
      <div
        className="col-12 text-center"
      >
        <h1
          className="bd-title"
        >
          title
        </h1>
        <p>
          description
        </p>
        <GalleryStats
          countComments={10}
          countTotal={3}
          countViews={4}
        />
      </div>
    </div>
    <hr />
    <Connect(ChangeViewType) />
    <Connect(Photos) />
  </div>
</section>
`;
